spk_0 tbgw_1 tcak_1 tcmz_1 tcxt_1 tent_1 thxl_1 tift_1 tiqg_1 xblk_1 xckq_1
spk_1 takr_1 tala_1 tfot_1 tget_1 thlg_1 tigt_1 timb_1 xeph_1 xewv_1
spk_10 tapa_1 tbnu_1 tbpb_1 tbub_1 teaq_1 tfbw_1 tglg_1 tgxa_1 thps_1 tixu_1 xaiu_1
spk_100 tbhu_1 tdnc_1 thta_1 tiwd_1 xdmd_1 xgbb_1 xgct_1
spk_101 tacb_1 tagr_1 tcfb_1 tcvi_1 tgqw_1 thew_1 tian_1 tibu_1 xahu_1 xggy_1
spk_102 tcyg_1 tdnl_1 teat_1 teld_1 teop_1 tfuz_1 tirx_1 tjbo_1 xdby_1 xejg_1
spk_103 tacj_1 tbdz_1 tcbr_1 tcpf_1 tdtu_1 tdty_1 tdwd_1 xbhq_1 xcza_1 xery_1 xevw_1
spk_104 taqz_1 tbgy_1 tblx_1 tidh_1 xbwq_1
spk_105 tbit_1 tbze_1 tdfc_1 tdss_1 tflh_1 tgnx_1 tilc_1 xbym_1 xeka_1 xesg_1
spk_106 tcdh_1 tebe_1 tewv_1 tfbb_1 tgnk_1 tguf_1 tibk_1 xepa_1
spk_107 tapl_1 tbpg_1 tdfa_1 tdoo_1 tfbs_1 thmy_1 tieg_1 tiwu_1 xdvo_1
spk_108 taki_1 talu_1 tanr_1 tbmx_1 tbnd_1 tfbm_1 thbq_1 thnl_1 xfzs_1
spk_109 tbgj_1 tbno_1 tbzq_1 tcxc_1 tcxv_1 tgva_1 thka_1 tirj_1 xbem_1 xdgl_1 xdwc_1 xfde_1
spk_11 takd_1 tced_1 tceq_1 tcin_1 tdmb_1 tgsh_1 tipa_1 tjbi_1 xddt_1
spk_110 tadr_1 tasu_1 tatx_1 tbfc_1 tbpp_1 tcwb_1 tegf_1 teuu_1 tfiq_1 tfmt_1 tgkv_1 thgs_1 titf_1 tixd_1 tjdt_1 xcjd_1 xfcm_1
spk_111 tbgu_1 tbht_1 tefb_1 tett_1 tetz_1 tfgq_1 tfnj_1 tfoc_1 xakm_1 xcxc_1 xebp_1
spk_112 tbcm_1 tdsf_1 temx_1 tfho_1 xaxh_1 xbst_1 xcij_1 xdfz_1 xfuv_1 xfwv_1 xfyi_1
spk_113 tadt_1 taid_1 taui_1 tbul_1 tcra_1 tctu_1 tdnh_1 tevm_1 tfvo_1 tgvb_1 thkf_1 thog_1 tiea_1 tigi_1 tioo_1 tiye_1 xaqe_1 xarg_1 xboo_1 xesl_1 xght_1
spk_114 tbri_1 tbtw_1 tddj_1 temc_1 texz_1 tgaz_1 thpn_1 tiik_1 xcgs_1 xdsk_1 xdub_1 xeoq_1
spk_115 tahr_1 tarl_1 tbgg_1 tbsy_1 tcby_1 tcex_1 tcsa_1 tdxr_1 tewd_1 tfez_1 tffq_1 tfyk_1 thmb_1 tibx_1 tief_1 tiyr_1 xcmm_1 xday_1 xdxp_1 xgfd_1 xgov_1
spk_116 tane_1 tbaw_1 tctt_1 tdst_1 tgjz_1 thhz_1 thib_1 thsp_1 xefb_1 xfie_1
spk_117 tbyk_1 tcel_1 tcwq_1 tdlu_1 teco_1 tfqp_1 tfsk_1 tgbm_1 tgsx_1 thdq_1 thtw_1 tisv_1 tivc_1 tjep_1 xdcr_1 xeub_1 xggg_1 xgit_1 xgtv_1
spk_118 taxh_1 tbve_1 tdvu_1 teay_1 tfnb_1 tftf_1 tinn_1 tizj_1 xaod_1 xbis_1 xekv_1
spk_119 tdjd_1 tdlz_1 tdmd_1 tepv_1 tfky_1 tfqa_1 tgzz_1 tipg_1 xcdo_1 xdwv_1 xgox_1
spk_12 taiw_1 taqg_1 tbsp_1 tcfz_1 tcxf_1 tczo_1 tdfw_1 tdqg_1 teii_1 tenk_1 tfkm_1 tgmf_1 thjc_1 thys_1 tifo_1 tiri_1 xacf_1 xffs_1
spk_120 tamc_1 taor_1 tasw_1 tbol_1 tbvr_1 tcjy_1 tcon_1 tczq_1 teqz_1 teyj_1 tfcf_1 tgev_1 tgvu_1 tgzu_1 xgrz_1
spk_121 ncfb_1 nfzz_2 nhyk_1 njhd_1 nkto_2 nnqp_2 nosw_2 jacj_2 jael_1 jaqj_2 jauq_2 jdtz_2 jefn_2 jfxl_2 jico_2
spk_122 nbcb_2 ncyw_2 neba_1 neif_2 nfhz_2 nfnd_2 niit_1 njic_2 nliy_1 nljm_2 nmwz_1 nnkk_1 jard_2 jaxh_1 jbzm_1 jdit_1 jeij_2 jgci_1 jgjz_1 jiku_1
spk_123 ndng_2 nhco_2 nkan_1 jacq_2 jalb_2 jbxe_2 jcdu_2 jcfq_1 jcvj_2 jgow_2 jguc_1
spk_124 nbwt_2 ndeg_2 nglb_2 njun_2 nlnp_2 jbhm_1 jedx_1 jetz_1 jfbc_1 jfpu_2 jfuw_2 jhwr_1 jiqc_1
spk_125 jazy_1 jdws_2 jepu_1 jfja_1 jgvt_2 jgwe_1 jifn_1 jilp_1
spk_126 nccz_2 nctp_1 ndas_1 ndok_1 nkcw_1 nmrz_2 nnul_1 nnww_1 jcqp_1 jdjm_2 jdjq_1 jduv_1 jeuv_1 jftf_1 jiaf_1 jihm_1
spk_127 naqr_1 njoh_1 nlsc_1 novg_1 jafm_2 jayh_2 jctm_2 jebd_2 jeuf_2 jgrk_2 jilf_2 jipc_2
spk_128 ndzw_1 jans_1 jhze_1
spk_129 noza_1 jayi_1 jdlu_1 jevm_2 jfaj_2 jfrd_2 jgob_1 jgrb_1
spk_13 taje_1 tanq_1 tbwu_1 tbxk_1 tcdm_1 teyd_1 tgrk_1 tgxw_1 xaca_1 xdis_1
spk_130 jajs_1 jakl_2 jbqt_1 jcfy_2 jciq_1 jcox_1 jdmd_2 jglz_1
spk_131 njxr_2 jaqr_2 jbkb_2 jepq_1 jgme_2 jijb_2 jiob_2 jiow_2 jirw_2
spk_132 nawj_2 ncmd_2 nhgu_2 nkse_2 jbas_1 jcpx_1 jczy_2 jdrg_1 jegd_1 jfby_1 jfhk_1 jgve_1
spk_133 natl_2 ngce_2 niur_1 njnf_2 nnkn_2 noky_2 jacn_1 jbto_2 jccl_1 jejy_2 jgsr_1 jgvj_1 jhkp_2 jifa_2
spk_134 ncbz_2 ndpt_1 neet_2 ngtp_2 nhmp_2 nolw_2 javx_2 jckw_2 jdjr_2 jeso_2 jffk_2 jhjs_1 jhpx_2 jhud_2
spk_135 naeu_2 ncbo_1 nebl_2 nfhw_2 ngha_2 nibg_2 jaby_2 jbxy_1 jdpw_2 jfer_1 jfoj_2 jguk_1 jhkd_2 jiid_2
spk_136 ncnv_2 nddx_1 ndsa_1 newv_2 nicp_2 njlv_2 nkhd_2 nkmg_1 nntf_1 noia_1 jbwo_1 jcfg_1 jdnr_1 jdxt_2 jdzt_2 jeft_2 jfsy_2 jhek_1
spk_137 nazj_1 nfar_1 nfvh_1 nfwa_2 njcf_2 njkd_1 njxk_1 nojt_2 nomu_2 jbjz_2 jbut_2 jctx_2 jekp_2 jexi_2 jgta_1 jgzz_2 jile_2
spk_138 necy_2 nhij_2 njhu_1 nkfx_1 nnes_2 jahh_1 jaus_2 jbyj_1 jcbe_1 jdcy_2 jfnk_1 jios_2 jipy_2
spk_139 nhcd_1 nifp_2 nijb_1 niuk_2 nktb_1 nkxh_1 nmvq_1 nmxg_1 jagt_2 jcef_2 jdew_2 jdhv_2 jfde_2 jhrn_1 jhrr_2 jikr_2
spk_14 tcsd_1 tcuh_1 thlw_1 xdkt_1 xdnc_1 xekt_1
spk_140 ncfy_2 nipr_2 nnoc_2 nnvu_2 jagf_1 jaww_1 jcqb_1 jfcm_1 jfzd_1 jhdm_1 jhun_1 jipn_1
spk_141 nato_2 nbar_2 nbcx_1 nbxc_2 ncuc_1 ndao_1 nfzq_2 nhrc_1 niqd_2 nixd_2 njiz_2 njpr_1 njxz_2 nogk_1 noom_1 japv_2 jdti_1 jdtx_1 jdvp_1 jefw_1 jeiw_1 jena_1 jfyz_2
spk_142 nbwm_2 nizp_2 nkst_1 nmol_1 noji_2 jaxt_1 jcjq_1 jdpo_1 jeaf_2 jexj_2 jfsc_2 jgxp_2 jibw_1
spk_143 jbgh_1 jcsf_1 jdpz_1 jfqg_1 jfqu_2 jfvb_1 jfwr_2 jgov_1
spk_144 nffx_1 nolj_2 jaag_1 jadi_2 jbkf_1 jfcr_2 jgcb_1 jgwl_2 jiec_1 jiif_1
spk_145 jafj_2 jaki_2 jetc_1 jftq_1 jgrc_2 jhfp_2 jhqd_2 jiib_2
spk_146 neaa_2 neje_2 nenj_2 nerv_1 neyb_1 nfyz_2 nhge_2 njov_2 nkjy_2 nlmz_2 nlzd_2 nofx_2 jahd_2 jaqi_2 jaqq_1 jdok_1 jejt_2 jfdg_2 jgtl_2 jhak_1
spk_147 nafj_1 ndgd_1 nest_2 nhlf_2 nhyt_2 njyy_1 nkno_1 nmhb_1 jagp_1 jcvt_1 jehh_2 jekk_1 jffi_1 jgjn_1 jiba_2
spk_148 nbxj_2 ncic_1 ndbt_2 nije_2 nitx_2 njiw_2 njrl_2 njsa_2 nkrw_2 nktz_2 nlrt_2 nmnp_2 nmsb_1 none_2 jbpf_2 jciw_2 jehx_2 jfgy_2 jgvo_1 jhdg_2 jhla_1 jiis_2
spk_149 njtn_1 nkfy_1 nkhy_2 nkvq_2 nmju_1 jabz_2 jbom_2 jbxb_1 jcwe_1 jdru_1 jeyh_1 jhph_2 jhvn_1
spk_15 taeu_1 tbak_1 tchb_1 tedz_1 texo_1 tgik_1 tibl_1 xahk_1 xccy_1 xcsq_1 xdmc_1 xeyn_1 xfdm_1 xfir_1
spk_150 ndhs_1 nenv_2 neuu_2 nfrf_1 ngcz_1 ngfj_2 ngfk_2 ngzb_2 ninv_1 nkuq_1 nlka_1 jcwx_2 jdlb_1 jfif_1 jfsu_1 jgpc_2 jhoh_2 jhtf_2
spk_151 nahl_2 naxc_2 ndgo_2 ngsh_1 nhrr_2 nkmy_2 nksu_1 nmgy_1 nmhy_1 jain_2 jbgc_2 jbwr_2 jdjj_1 jego_1 jfnq_1 jfqi_1 jhds_2
spk_152 nahb_2 najt_1 nend_2 neqz_1 nfgo_1 nfku_2 nftl_1 nkql_2 nlwd_1 nned_1 nnln_1 nnsq_2 nond_1 jbyd_1 jbzn_2 jcel_2 jdjg_2 jdou_2 jguw_2 jhzv_2
spk_153 nagk_2 nalu_2 nbgq_1 nbon_1 nbos_2 nbqh_2 ndka_1 ndlr_2 neqm_2 nhgx_2 nibc_1 niwm_1 niwu_1 njvm_2 njzq_1 nkuz_2 nnke_1 nooq_2 noxh_2 jaaf_1 jakb_2 jdeq_1 jdkp_2 jdxi_2 jfll_1 jhxo_1 jiat_1
spk_154 nbrm_2 nchv_2 ndvk_2 nepm_1 nfkd_2 nign_2 nkqn_1 japw_2 jbrt_2 jcmj_2 jddu_2 jdum_2 jeeq_1 jigy_2 jipa_2
spk_155 nbhm_1 jbci_2 jbkr_2 jbov_1 jcmv_2 jddy_1 jdem_2 jfyx_1 jhes_2
spk_156 nbyo_2 ndfh_2 ndve_1 ndyy_2 neal_1 nfjz_1 nfon_2 ngjb_2 nhon_2 niyp_2 nlym_2 nmrm_1 noci_1 jbaf_1 jckm_1 jetk_1 jggs_2 jgsb_1 jhre_1 jhvq_1 jifb_2 jijy_1
spk_157 navl_2 ndsw_1 nevr_2 nfkg_2 ngcg_2 nghf_2 ngzj_1 nhka_1 nizi_2 njjh_2 njxj_2 nkcs_1 nlxc_2 nmem_2 nmku_2 nntw_1 noph_1 jegl_1 jenc_2 jfoa_2 jggz_2 jgpf_1 jgvf_2 jhom_1 jiuv_2
spk_158 nbak_1 ncra_1 ndrk_1 nekn_2 nhef_2 nhtw_2 nhwv_2 niod_2 njuw_1 nkse_1 nksu_2 nmhw_2 nnfe_1 nnwy_1 noad_1 nofc_1 nojb_2 jaro_2 jbau_2 jckb_1 jdet_2 jgmz_2 jhps_2 jhwc_1 jirw_1
spk_159 jaaz_1 jakv_1 jazf_2 jequ_1 jfex_1 jhjh_1 jhpj_1
spk_16 talp_1 tbea_1 tezg_1 tfii_1 tgcz_1 thwi_1 tihc_1 tiia_1 xblf_1 xciv_1 xcnu_1 xdlv_1 xdsf_1
spk_160 ncme_1 negw_1 nezf_1 nfpd_1 ngtj_1 njwl_1 nkom_2 nomx_1 jatt_2 jbka_1 jdsq_2 jfii_1 jgif_1 jgjd_1 jhef_1 jivk_1
spk_161 janv_1 jaum_1 jbig_1 jcmq_1 jcpg_1 jdcl_2 jdjt_1 jhau_2
spk_162 ncsq_2 nfxv_1 njha_1 njjj_1 jchi_2 jdde_1 jenk_1 jfdg_1 jgig_1 jgvi_1 jheq_2 jidi_2
spk_163 nanx_2 ncjl_2 ncna_2 ncon_1 ncsh_1 ngid_2 nhiy_1 nhwb_1 niyk_2 njao_1 njpb_2 njtz_2 nkgu_2 nljk_2 nmdn_2 nmqw_1 nnpa_1 noin_2 jajz_1 janr_2 jaru_2 jelx_1 jezz_1 jfxb_2 jghd_2 jgxq_2
spk_164 nblz_2 ndqr_2 netu_2 nluo_1 noui_2 nouj_2 jaqm_2 jaxb_2 jcjw_1 jclz_2 jctf_2 jdnd_2 jfdo_1 jfob_1
spk_165 jabs_1 jbuc_1 jcoi_1 jdbn_1 jfvu_1 jhhx_2 jhoa_1 jhpb_1
spk_166 ncuz_1 ndhp_2 jfzv_2 jgep_2 jgnm_2 jhaq_2 jipc_1
spk_167 ncgs_1 nfck_2 nooq_1 jach_2 jaea_2 jbib_1 jcpc_2 jgmg_2 jgts_2 jirj_1 jiti_1
spk_168 nakm_1 nbjr_2 nenn_1 ngrw_2 nhkz_1 nhou_1 njjh_1 nkdl_1 nmfc_2 noee_2 jafr_2 jark_1 jbkx_1 jcub_1 jghn_2 jheu_1 jhku_1 jhyl_1
spk_169 jajm_1 jbqm_1 jdsp_1 jdwn_2 jgax_2 jgmb_2 jhpa_1 jijq_1
spk_17 tbmu_1 tbpa_1 tccf_1 tccw_1 tdsh_1 thjd_1 tiwk_1 xaag_1 xcpw_1 xdhx_1
spk_170 nadr_1 naws_1 ncwa_1 nela_1 nfua_1 nhuy_1 niyq_1 nkan_2 nnyx_1 japf_1 jbbp_1 jbcc_1 jbil_1 jdwf_1 jflq_1 jfyy_1 jgsi_2
spk_171 nanh_2 nauo_1 nbes_1 nbsb_2 nbtz_2 ndjq_2 ndlf_1 nhwv_1 nipb_2 njuw_2 nkgl_1 nkun_1 nlhm_1 nlmo_1 nmet_1 nmsx_2 nojb_1 nokb_2 jaye_2 jbwr_1 jddk_1 jego_2 jewq_1 jfnq_2 jfqi_2 jfup_1
spk_172 nbpw_2 ngjr_1 ngkp_2 njtm_2 nmch_2 jaav_1 jafb_2 jbhn_1 jdly_2 jdpj_2 jfei_2 jhua_2 jije_1
spk_173 nabe_2 nakt_2 nbnu_1 ndxd_1 neni_2 neuv_2 nfyj_2 nhia_1 njbi_1 nkvu_1 jbaz_1 jbey_1 jbmw_2 jedv_1 jeen_1 jeui_1 jezy_1 jggf_1
spk_174 jaml_1 jdnb_1 jdqh_1 jebf_1 jegh_2 jfmc_1 jgen_1 jihk_1
spk_175 nbhz_2 nbnm_1 nect_1 neoy_2 nhvj_2 jasp_1 jawu_2 jdbz_1 jegm_1 jfmx_2 jgxb_1 jhos_1 jitz_2
spk_176 noug_2 jaog_2 jbgb_2 jbir_2 jcux_1 jdtv_2 jdwe_2 jeca_1 jgds_2
spk_177 jbtb_1 jddu_1 jdqs_2 jdyr_2 jewm_1 jfmd_2 jgug_1 jiog_2
spk_178 ndpx_2 ndsv_2 ndwb_1 neoj_2 nicy_1 japc_2 jbbt_2 jbfb_2 jdmn_1 jecx_2 jelh_2 jgjy_2 jgrr_2
spk_179 napc_1 ndfc_2 nihb_2 nkjc_1 noed_2 jalg_2 jaof_2 jbff_1 jboh_2 jbrb_1 jfkd_1 jgef_2 jiuu_1
spk_18 tbsr_1 tfdx_1 tfma_1 tfne_1 tgtm_1 tgxm_1 thxy_1 tiai_1 tijs_1 tjcx_1 xcdq_1
spk_180 jceq_1 jczj_1 jdnk_2 jfbw_1 jfcz_2 jgis_1 jhkz_1 jhqc_1
spk_181 naxo_2 ndkg_2 nfsf_1 njit_1 njpr_2 nkxj_1 nlrf_2 nnkg_2 jatd_2 jdqt_1 jeqq_1 jerx_2 jfcl_2 jidr_2 jifm_2 jikf_1
spk_182 noyn_2 jaba_1 jadv_1 jbma_1 jerq_2 jetn_1 jeww_1 jfbq_1
spk_183 ndnd_1 jcma_1 jcyk_2 jemg_2 jewl_1 jfmk_2 jggp_2 jgkt_2 jgmm_1
spk_184 nevt_2 nhqc_2 nkjd_1 nntw_2 nnwo_1 nnxv_1 nnzp_2 nobd_1 nosd_2 jbjw_1 jbki_1 jbss_1 jdiv_1 jdut_1 jeaj_1 jfeo_2 jfyu_1
spk_185 nbvr_2 nhoj_1 nomo_2 jazy_2 jbbf_1 jbuq_1 jdbu_1 jems_1 jeyg_1 jinq_1 jisu_2
spk_186 nbls_2 ndkn_2 nfkj_2 nmet_2 nmxg_2 jcfd_1 jdig_2 jdpg_2 jeec_1 jgri_1 jhab_1 jiao_1
spk_187 ndnu_1 ndxc_1 nhbi_2 nhcb_1 nkue_1 nnjg_2 jbmh_2 jcpm_1 jdql_1 jeit_2 jfgq_1 jfqe_1 jfug_1 jgym_2 jhwl_2
spk_188 nboc_2 nbpk_1 ndbq_2 nfjn_1 nghv_1 nhdc_2 nhkr_1 njhk_1 njmh_2 njno_1 nkcl_1 nknu_2 nlww_2 nmwb_2 jagz_1 jasa_1 jcyn_2 jdzj_2 jfqt_2 jftw_2 jgid_1 jivi_1
spk_189 jdpp_1 jeqb_1 jesr_1 jflj_1 jfqs_1 jfuz_2 jfwi_2 jimp_1
spk_19 taio_1 tcdy_1 tfdp_1 tgar_1 tgvz_1 tisr_1 xaor_1
spk_190 nlrq_2 novj_1 nowe_2 jajq_1 jbnm_1 jclh_1 jcvn_1 jdml_2 jemw_2 jhop_1 jhsz_2
spk_191 nbck_1 ngck_2 njsa_1 nlqk_2 nncs_1 nnin_2 nnzr_2 jbpa_2 jcmo_1 jdfm_1 jdxp_2 jeow_2 jgwu_2 jhcz_2
spk_192 nanp_2 nbzc_2 ndbu_2 ndkv_2 ndtl_1 nhao_1 nhec_1 ninw_2 njfr_1 njgu_1 njya_1 nkyh_2 nldr_2 nmnf_2 nnkm_2 jaiu_2 jety_1 jfgm_2 jfvd_1 jfwl_1 jfxs_1 jgsa_1 jhns_1
spk_193 nahq_2 nald_1 nebv_2 nfem_1 nfud_2 nisg_1 njky_2 nmqv_1 nnin_1 nnxh_1 nnzw_1 noxb_2 noxo_1 jcdj_1 jcqt_2 jcwa_2 jglg_2 jgll_1 jgss_2 jhaz_2 jhdc_1
spk_194 jbbb_2 jemb_1 jepe_1 jezw_2 jfrx_1 jgxh_2 jhcc_2 jiko_2
spk_195 nano_2 nbcn_1 nbdr_1 ndcq_1 ndxq_1 neaq_2 nepw_1 nexc_2 ngoe_2 nhor_2 nhud_1 nmrz_1 nnxr_2 jais_2 jbwy_1 jcdd_2 jcxo_1 jeda_2 jenz_1 jffu_1 jfos_1 jguv_2 jgyg_2 jidm_1
spk_196 nbti_1 ndiz_2 ngwr_2 njwu_1 nkwd_2 nloq_2 nobb_2 jcae_1 jcbs_1 jdkc_1 jdyj_2 jeck_1 jesi_1 jgit_2 jhsr_1 jiqh_1
spk_197 ncsi_1 ndiy_2 ndrw_1 ngfm_2 nhea_1 nljm_1 nlpe_1 nojp_1 nowp_1 jcam_1 jcaz_2 jcmc_2 jctl_1 jcws_2 jflc_1 jglv_1 jinu_2
spk_198 nlil_2 nlkx_1 nmkp_1 jacm_2 jaxv_1 jdcn_1 jerd_2 jewi_2 jewv_2 jfkf_1 jhmt_1
spk_199 ncwo_1 nfla_2 nigd_2 niyf_2 nmpk_2 nnhj_1 nntz_2 noxi_1 jahk_2 jaki_1 jcid_1 jdmk_2 jecf_2 jehl_2 jfmt_1 jfsr_1
spk_2 tayt_1 tcjc_1 tcmk_1 tcvl_1 teks_1 terq_1 texj_1 tffk_1 tfxo_1 tgay_1 thav_1 thfs_1 thmz_1 tikb_1 tiub_1 tiuv_1 xaek_1 xafc_1 xahq_1 xbda_1 xchn_1 xcwo_1 xdwq_1 xghx_1 xgpv_1
spk_20 tara_1 tdsb_1 teac_1 tejx_1 tepr_1 tewr_1 thtc_1 tibi_1 xbna_1 xcex_1 xdez_1 xerk_1
spk_200 jait_1 jaxd_1 jcbb_1 jeqk_2 jfac_2 jgrq_1 jhbf_1 jhta_2
spk_201 noyk_2 jamj_2 jcgr_2 jcqh_1 jdfp_1 jdvk_2 jeqr_2 jfmh_2 jfnj_2
spk_202 nngk_2 jclh_2 jddr_1 jdur_1 jfso_1 jhvj_2 jhvy_2 jhxa_1 jihf_1
spk_203 jawa_2 jdgo_1 jela_1 jftd_2 jfyd_1 jgjv_1 jhej_1 jigr_1
spk_204 nbeh_1 nbfm_1 ncbm_1 neiw_2 nfwi_1 nhuy_2 noah_2 noxj_2 noxn_1 jajk_2 jata_1 jcxe_2 jdux_2 jfem_2 jggc_1 jhnt_1 jiss_1
spk_205 nbqy_2 ncdq_2 nexp_1 nhky_1 nnag_1 nnnd_1 nohv_2 jcfh_2 jcrz_2 jdga_1 jgib_2 jgni_1 jhsb_2 jhtx_1 jipe_2
spk_206 natv_1 nfkb_1 niho_2 jayk_2 jbcx_2 jbxv_1 jcik_1 jeqk_1 jgkk_1 jgow_1 jhxp_1
spk_207 nawe_1 nhfv_2
spk_208 nayd_1 ncia_2 nguk_2 nmbg_1 nmbm_1 jaox_1 japw_1 jbgk_1 jbmb_1 jces_1 jeik_1 jihj_2 jikl_1
spk_209 ncfx_1 ncgv_2 nchy_2 ncyu_1 neqv_1 newq_1 nmrw_1 nmxb_1 nout_1 jbop_1 jbuc_2 jbvv_2 jcra_1 jdun_2 jeey_1 jfcn_1 jhfe_1
spk_21 tbsl_1 tchf_1 tcjv_1 tejl_1 tgex_1 tggs_1 thvj_1 tiok_1 xgky_1
spk_210 jank_1 jeno_1 jeqa_1 jfjp_1 jfvc_1 jgda_1 jgpn_1 jgxn_1
spk_211 jaax_1 jdgk_2 jdoa_2 jerg_2 jhcl_1 jhlo_2 jhtt_1 jhya_2
spk_212 njth_2 nllw_1 nlnt_2 nmza_2 jbnl_2 jbpz_2 jdjn_1 jesn_1 jfig_2 jflf_1 jfxo_1 jfyy_2
spk_213 nizf_2 jcqe_2 jczw_2 jfgu_1 jfvs_1 jhyr_2 jigz_1 jijz_1
spk_214 nbqr_1 nehk_1 nhxr_2 jahs_2 jahu_1 jbxe_1 jcct_2 jfnh_1 jgkf_1 jgvy_1 jifw_2
spk_215 nbii_2 ndxc_2 nhdj_2 nhmn_2 nhqx_2 nkln_2 nkyv_1 jaej_2 jail_1 jatw_2 javl_1 jcdx_1 jczi_2 jdei_2 jivf_1
spk_216 nbcb_1 nfkk_1 nlna_2 jazn_2 jbnd_2 jcbv_2 jdxs_1 jelf_1 jgca_2 jgzc_1
spk_217 ncpd_1 nfcz_1 nffu_2 nigr_1 njxw_2 nmaz_2 nnnu_1 norc_1 jbog_1 jcna_1 jefn_1 jexz_1 jeyn_1 jfzx_1 jifx_1 jitx_1
spk_218 ncbd_2 nfwy_1 nlfj_1 nngc_2 jbfh_1 jbtw_2 jcso_2 jebk_1 jegx_2 jfhd_1 jgzd_1 jhhz_2
spk_219 nbbx_2 nbub_1 ncte_1 ndsh_2 neyx_2 nfay_2 nfhy_1 nghx_1 nick_2 nknz_2 nnni_2 jdwl_2 jdyb_1 jegu_2 jekr_1 jeve_1 jgwk_2 jhhx_1 jhrj_1
spk_22 tabk_1 tahd_1 tarw_1 tdom_1 tebj_1 tfco_1 thnn_1 thoy_1 xepm_1 xesv_1
spk_220 nadr_2 nagt_2 narq_1 nbhh_1 ncgt_1 nckn_2 ncna_1 nhil_2 nhvm_2 nieq_1 njaw_2 nkmd_2 nkzo_2 nnae_1 nnqy_2 jbqa_1 jbqh_2 jchi_1 jdaw_1 jddn_2 jhgv_2 jhxs_1 jisz_2
spk_221 noxc_1 noxd_2 jagr_2 jchv_2 jfsj_2 jftu_2 jgxy_2 jhlw_1 jhve_1 jipi_2
spk_222 nemr_2 jbnl_1 jcqv_2 jemo_2 jeop_1 jffq_1 jfwa_1 jgjz_2 jhfy_1
spk_223 nbgj_2 nbtm_2 njdz_2 nmlt_2 jafe_1 jaom_1 jbce_2 jblf_1 jcll_2 jcwz_2 jezr_1 jhsf_1
spk_224 ncay_1 ndam_2 ndmo_2 nfim_1 nici_2 njju_1 nkdh_2 nkie_1 nkxe_1 nlqj_2 nlto_2 nndv_1 nnrs_2 jaxp_2 jbqc_2 jbvx_1 jein_1 jggj_1 jhou_2 jill_1 jinw_2 jiov_1
spk_225 nbkx_2 nbuf_2 ndvq_2 nhvh_1 nlcl_1 nlrr_2 nluv_2 norl_2 japt_1 jbay_1 jbjy_1 jblg_1 jczp_1 jdig_1 jhck_2 jhjg_2
spk_226 jahg_1 jbrl_2 jbzp_1 jcaq_1 jcod_2 jctk_1 jfxa_2 jfxw_1
spk_227 nirb_2 njfx_1 nksk_2 nlpw_2 nlxz_1 nmfq_2 janx_1 jbqq_2 jbzt_1 jfhf_1 jgpj_1 jhvi_2 jirc_1 jivn_2
spk_228 nbdy_2 ngno_1 nhjv_1 nnyw_2 noxp_2 noxv_1 jaea_1 jcec_1 jdab_1 jdgc_1 jdyt_2 jgyv_2 jhep_1 jitj_1
spk_229 nouu_2 javp_2 jecz_2 jesx_1 jfdz_2 jfuh_2 jgxe_1 jhce_2 jhyh_1
spk_23 tarf_1 taxq_1 tcmt_1 tdcv_1 tfsn_1 tfwt_1 tgyd_1 thqp_1 tieo_1 xbeg_1 xfwd_1
spk_230 nlas_2 noxs_1 jafr_1 jafy_1 jdtd_2 jfkz_2 jgsu_2 jhei_1 jhls_1 jhoc_1
spk_231 jatc_2 jciz_2 jcvo_2 jdxa_1 jefq_2 jfji_2 jglh_1 jhnw_1
spk_232 nazz_2 nbav_1 nbck_2 nbeu_2 ncfk_2 nedx_1 nekn_1 neky_2 nffr_1 nfpm_2 nfxc_1 ngac_1 njji_1 njwd_1 nlcv_1 nlcy_2 nlfs_1 nmdr_1 nmnk_1 nmtn_2 jcwq_1 jczt_1 jdft_1 jeov_2 jevf_2 jgiv_2 jhoc_2 jica_2
spk_233 japm_2 jaqk_2 jbyk_1 jcuq_2 jdnj_1 jiek_2 jins_2 jirm_1
spk_234 naka_1 ncah_1 ncsb_2 ndvm_1 nect_2 nent_2 nexh_2 nezt_2 nezz_2 ngoa_1 nhna_2 nhuu_2 niod_1 niwf_1 njzq_2 nmcv_2 nmfc_1 nmwo_2 nnat_2 nogv_1 jaap_2 jajw_1 jaxu_1 jbvg_1 jdtb_2 jfkd_2 jgsk_1 jhif_2
spk_235 nfav_2 jcui_2 jcut_2 jcvh_1 jejk_2 jfbz_1 jgdn_1 jgmj_2
spk_236 nbpb_2 ndwn_2 neda_1 ngyb_1 nhht_2 nhhx_1 nigl_1 njst_2 njyx_2 nmlh_2 nnft_2 nnik_1 nnit_2 nnqf_1 nnwb_1 nofl_2 norr_1 jati_1 jcqg_2 jdkc_2 jdwv_2 jepz_2 jfiu_2 jfzj_1 jggi_2
spk_237 ndtf_1 jazn_1 jbym_2 jcgo_2 jcnk_1 jfqz_2 jgwa_1 jhma_1 jhyo_1
spk_238 name_2 ncql_1 nhkd_2 nlrw_1 norj_2 jbke_1 jbxm_1 jdel_2 jefs_2 jfpf_2 jgeb_1 jgkv_1
spk_239 jayr_1 jbak_1 jbge_1 jbln_1 jbzi_1 jdln_1 jhbv_2 jhva_1
spk_24 taud_1 tbji_1 tbso_1 tcec_1 temz_1 tfze_1 tipz_1 tisk_1 xafr_1 xbjr_1 xboj_1 xccf_1 xcji_1 xcwr_1 xdbz_1 xdjb_1 xdos_1 xdri_1 xekl_1
spk_240 jcds_1 jcfv_1 jcns_1 jcvv_2 jdcf_2 jgvz_1 jgww_2 jhnq_1
spk_241 napu_1 nask_1 nceo_1 nenc_2 nfav_1 nhep_2 nhvt_1 nlfv_2 jbsu_2 jfnv_2 jgfa_1 jgpv_1 jgtu_2 jhai_2 jict_2
spk_242 nbov_1 ndie_1 nesg_2 netc_2 nexl_2 ngnc_2 nhlh_1 nial_1 nipq_1 niwm_2 njoy_2 njyp_2 nkrn_1 nktf_1 nmcj_1 nmqt_2 nodt_2 noru_1 jasv_2 jatv_2 jayj_1 jedp_1 jfdv_1 jfuy_2 jhsk_1
spk_243 najo_1 ndmt_2 ngfj_1 nkkr_2 nnji_2 jakg_2 jbgk_2 jcza_1 jdbp_1 jeoz_1 jesw_2 jfuu_1 jgew_1
spk_244 nape_1 nena_2 ngxo_2 nihu_2 jcuf_2 jfxz_2 jgcx_1 jgwe_2 jhyc_1 jipg_2 jiuq_2
spk_245 nagl_1 ndci_2 nmol_2 jadq_2 jcno_1 jebn_1 jfoc_1 jgrg_1 jhfb_1 jiio_2 jipq_1
spk_246 jbez_1 jcwx_1 jepj_1 jflr_1 jgar_1 jgdi_1 jgtc_1 jies_2
spk_247 jasn_1 jbmp_1 jbsh_1 jbtl_1 jfvv_1 jhqg_1 jihp_1 jitl_1
spk_248 njes_1 java_1 jbjc_1 jbpy_1 jcph_1 jehc_2 jfty_1 jgkj_1 jhlm_1
spk_249 neuy_1 jbhh_1 jbvk_2 jcsb_1 jdyh_2 jevq_1 jgas_2 jgfr_2 jhfr_1
spk_25 xejp_1 xexa_1 xgvm_1
spk_250 novf_1 novn_1 novq_1 nowf_2 nown_1 jcsx_1 jesk_1 jfqq_1 jfvf_1 jgyl_1 jhcc_1 jifs_2 jinz_2
spk_251 nhop_1 nhqt_2 jbcp_2 jcqs_1 jfdh_1 jfkp_1 jfza_2 jfzh_1 jgou_2 jgth_1
spk_252 jbef_1 jcdw_1 jdcw_2 jdpk_2 jeyd_1 jfxi_2 jhlu_1 jihi_1
spk_253 nalp_1 nczk_1 ngek_1 nghj_1 nhsn_2 niqm_1 nixv_1 njja_2 nlvy_2 novu_1 nowg_1 nowl_2 jbrd_1 jcox_2 jgvs_1 jgyi_1 jhmr_2 jhwe_1 jiqa_2 jiuf_1
spk_254 nflj_2 nkkz_2 nlni_2 nnfw_1 nnrx_2 jamd_1 jbvp_2 jcer_2 jcki_2 jepm_1 jfri_1 jfwz_2
spk_255 jbdc_2 jbsl_2 jckv_2 jcnz_1 jdqi_1 jhly_2 jhxq_1 jiew_1
spk_256 ndko_2 nesy_1 nffq_1 nghg_1 nhni_1 njic_1 nnji_1 jbdl_2 jbpk_1 jdub_1 jeic_2 jhpy_2 jiek_1 jiud_1
spk_257 jbbg_1 jczz_2 jdds_1 jfop_1 jgya_1 jhhy_1 jhid_2 jhnr_2
spk_258 nasw_2 nbua_2 nckn_1 nktb_2 nncy_2 jacb_1 jbfr_1 jcty_2 jdhv_1 jero_2 jguv_1 jidu_2 jigu_2
spk_259 jbaa_1 jbyi_1 jcwi_1 jcyg_2 jemo_1 jexg_2 jgfp_2 jhnp_1
spk_26 thao_1 thvs_1 xakh_1 xfly_1
spk_260 naci_1 narg_1 nbzo_1 ndae_1 njrh_2 nkww_1 nllb_2 nnyq_1 jaew_2 jazj_2 jegs_2
spk_261 nagp_2 nczo_2 nhml_2 nlnq_2 nmth_2
spk_262 nauj_2 nbju_2 nbzr_2 ndhh_2 nduq_2 necw_2 nedt_1 nevd_1 nezd_1 nfcu_1 nfko_2 nfuj_1 nggc_2 ngoi_1 nhrf_2 nhzb_2 ninc_2 nkvz_2 noge_1 jbph_2 jeas_1 jeeh_2 jeuf_1 jfwm_1 jgli_1 jhho_1 jhyz_1
spk_263 naxi_1 neek_2 nftq_2 nheg_1 nibx_1 nnyl_2 nody_2 jary_2 jawc_1 jdot_1 jfeu_1 jfpr_1 jgwt_2 jhgq_2 jhjp_2
spk_264 nasd_2 ncik_1 ngjl_1 nhyc_1 nivk_1 nktv_1 noxk_1 jcmz_2 jcxm_2 jdhu_1 jdjt_2 jeet_2 jfzk_1 jhde_1 jhza_1
spk_265 jaqf_2 jawg_1 jbij_1 jfio_1 jgbv_2 jgzn_1 jhah_1 jifn_2
spk_266 jehn_2 jeog_1 jfav_1 jfmn_1 jfow_1 jgwq_2 jhhr_1 jilu_1
spk_267 jaat_2 jalm_1 jawt_1 jbkn_1 jbyy_1 jdrb_1 jgmu_2 jigs_2
spk_268 nagt_1 nhaq_1 nibu_1 nkgr_2 nlry_1 nlxy_1
spk_269 ndkk_2 neaw_2 nizq_2 nlkv_1 nlyb_2 jafe_2 jarp_1 jasm_2 jdbm_2 jdfo_2 jdtu_2 jgah_2 jioa_2
spk_27 taex_1 tbsg_1 tclw_1 tdqp_1 tfzb_1 tgvr_1 thpu_1 xaxq_1 xbyk_1 xdlj_1 xftu_1 xgha_1
spk_270 noqo_2 jaeg_1 jbfa_1 jcdd_1 jekl_1 jeks_1 jhch_1 jhfu_1
spk_271 nigd_1 noxq_2 noxu_2 jaee_2 jamy_2 jbid_2 jbzz_2 jcwq_2 jgdq_2 jgoz_2
spk_272 jbsr_1 jbye_1 jcjr_1 jdbg_1 jdwp_1 jhhr_2 jhjy_2 jidd_1
spk_273 naee_1 narw_2 nazf_1 nbkn_2 nblg_1 nbul_2 nckm_1 ndqz_2 ndrx_2 ndxv_1 neqp_2 nesj_2 neyh_1 nfjp_2 ngdl_1 nhpx_2 nkep_1 nksh_2 nkya_2 nlrs_1 jano_1 jblr_2 jcgl_2 jcrd_1 jeib_2 jeto_1 jfkc_2 jgxu_1
spk_274 nazo_2 ndgt_2 ngmv_1 nkxp_2 jbgs_1 jcaw_1 jcla_2 jfkf_2 jgfg_2 jgxh_1 jisp_1
spk_275 nfqz_1 noua_1 jawe_2 jbba_2 jbqa_2 jccn_1 jcmp_1 jdxy_2 jgqu_1 jhgc_1 jitg_1
spk_276 nbhn_2 ncap_2 ncdz_2 nddq_1 nfjq_1 ngcv_1 njeu_2 njhd_2 nlsf_2 nnem_2 javr_2 jeqd_2 jfid_2 jfno_2 jfww_2 jhrh_1 jits_2
spk_277 nboa_2 noys_1 jbol_1 jcss_1 jcvz_1 jdib_2 jesl_2 jgab_2 jhgr_1 jifv_2
spk_278 nade_1 nalq_2 nazk_1 nbky_2 ncji_1 ncoj_2 ncsu_1 ndmk_2 nfjv_2 nmhv_1 nnff_2 noet_2 jaod_2 jddw_2 jdez_2 jdfz_2 jduh_2 jexu_2 jfxp_2 jgsk_2
spk_279 njcj_1 jamr_2 jblw_2 jbmq_1 jbol_2 jbyg_1 jcad_1 jcoq_1 jetr_1
spk_28 tbna_1 tcbe_1 tdiq_1 tdke_1 tdua_1 tfdf_1 tfra_1 tfvi_1
spk_280 nowb_1 jbal_2 jbmc_1 jcog_1 jdec_1 jdiq_1 jdkl_1 jeps_1 jewo_1
spk_281 jbcz_2 jbtv_1 jcnl_1 jdoy_2 jdwt_1 jfgx_2 jgam_2 jirx_2
spk_282 naat_2 ndir_1 ngnl_2 nlpj_2 nnkw_2 jakd_2 jbgv_2 jbpc_2 jemh_2 jenx_2 jffh_1 jhlr_1 jikw_2
spk_283 jasl_1 jaxe_2 jcgw_1 jcsj_2 jfhs_2 jgbu_1 jgwy_1 jiir_1 jiiw_1
spk_284 nemj_2 niba_1 njuq_2 nkus_2 nmzz_1 novh_2 novm_2 nowo_1 jahe_2 jbcw_1 jcnm_1 jdih_2 jevu_2 jfia_1 jghx_2 jikx_2
spk_285 nana_2 narv_2 navs_2 nawg_2 nawr_1 neui_1 njnx_1 nkkn_2 nmjv_1 nnov_1 nonu_2 janj_1 jcek_1 jcev_2 jcpa_2 jfte_2 jhuj_2 jiak_1
spk_286 nbbu_1 ndso_1 nepo_2 nidz_2 niql_2 nivt_1 nknp_1 nmfr_2 jahk_1 jbae_2 jesz_2 jfew_2 jfyj_1 jgag_2 jgol_2 jhug_1
spk_287 nbpo_2 nowj_2 nowk_2 nowv_2 jagn_2 jbjr_2 jdcw_1 jdir_1 jgbs_1 jgkk_2 jgvm_1 jhvi_1 jiej_1
spk_288 nafi_2 nagd_2 ndqq_1 netf_2 nfos_2 nfri_2 nims_2 njrc_2 nmui_2 noss_2 jabv_2 jbfi_1 jbpn_1 jcbf_2 jgup_2 jgyr_2 jgza_2 jijx_1
spk_289 nbio_2 nfuo_1 nhtw_1
spk_29 tbgc_1 tbic_1 tbqt_1 tcoy_1 tdox_1 tecx_1 tfdd_1 tfzw_1 tgwv_1 thcq_1 tizq_1 xaao_1 xcjf_1 xdgu_1 xfbz_1 xgea_1
spk_290 ocha_1 ohvh_1
spk_291 kaues_2 kclw_1 kddp_2
spk_292 oinm_2
spk_293 ocfi_2 oejr_2 ognq_1 kayxs_2 kbte_2 kdzl_1
spk_294 obyx_2 oeba_2 ofps_2 ogbl_2 ohdc_2 oibc_2 oini_1 kacl_2 kans_2 kaph_2 kbpfs_1 kcfm_1 kcyks_2 kdrh_2 keags_2
spk_295 oadh_1 ocon_1
spk_296 kalp_1 kbir_1 kcrh_1 keocs_1
spk_297 ohve_2
spk_298 oabu_2 oeaa_1 oejw_2 ofam_2 kamks_1 kaqss_2 kawd_1 kaza_2 kcko_2 kedq_1
spk_299 ocim_2
spk_3 tdnv_1 tdxi_1 tfcb_1 tfza_1 tgic_1 thhj_1 timh_1 tisj_1 xgcz_1
spk_30 taqj_1 tbjk_1 tbjt_1 tbkl_1 tbok_1 tcpi_1 thlh_1 tikj_1 tizw_1 xcof_1 xevo_1 xftm_1 xfue_1
spk_300 oapu_2 kcqy_2
spk_301 ofkl_2 ogcy_1
spk_302 ocgy_1 ohed_1 kaaes_1 kayds_2 kcgh_2 kdycs_1
spk_303 ofpx_2 kapws_1 kdcm_1
spk_304 oatd_1 oblq_2 odwy_1 ofpj_2 kdgf_2 kdut_2 kdvvs_1
spk_305 kaco_1
spk_306 ohzn_1
spk_307 oaek_2 ocha_2 odys_2 ohtb_1 kbiws_1 kcsn_2 kcvj_1 keav_1
spk_308 obbx_2 obmo_1 ocvq_1 odfz_2 oeey_1 kecm_1
spk_309 ofil_1
spk_31 tbwj_1 tbwn_1 tejg_1 tfcl_1 thic_1 tivm_1 xavs_1
spk_310 obir_1 ocgv_2 ogoq_2 ohwr_1 kagp_2 kahfs_2 kamq_2 kazj_2 kcncs_2 kdvm_1 kenes_1 kepk_2
spk_311 oagx_2 ocyd_2 odkn_2 ogez_2 kaky_2 kbiv_2 kdhl_2 kduy_2 keni_1 keqps_2
spk_312 ohwm_2 kaays_1 kahv_1 kcck_1 kcjb_1 kcmus_2 kcvt_1 kdpk_1 kdsq_1
spk_313 ogfc_2 ohhb_1 oiqn_2 kape_2 kccd_2 kcpns_1 kcwbs_2 kdub_2 kece_1 kect_1 kekc_1
spk_314 obbe_1 ocrm_1 odhg_1 oevn_1 ofek_1 ofpk_1 kanis_2 karr_1 kbpp_2
spk_315 oanp_1 obvg_1 ockp_1 ofxw_2 oger_1 ohdq_1 kaavs_2 kajes_1 kakvs_2 kbgc_2 kbji_2 kbuh_2 kdaks_2 kefu_2
spk_316 obci_2 odqt_1 oeuc_1 kbbv_2 kbghs_1 kcpj_1
spk_317 oafr_1 ohmq_1 kbgis_1 kcnf_1 kcox_1 kddp_1 kdxp_1 keht_1
spk_318 oawc_1 obno_1 obsm_1 ogjs_1 kamo_2 kapg_2 kbep_2 kbjt_1 kbyo_2 kczx_1 kdat_2 kdqe_2
spk_319 obqb_1 oiej_1
spk_32 talk_1 tfgp_1 tgwu_1 thbk_1 thkm_1 thrd_1 titx_1 xaeo_1 xdbu_1 xfka_1
spk_320 obpa_2 odmd_2 ofba_2 oghf_2 ogln_2 kacbs_1 kahus_1 kchds_1
spk_321 oeoe_2 ohed_2 ohkn_2 kayvs_2 kccm_1 kduf_1
spk_322 oanp_2 obml_2 ocap_1 odqt_2 kajl_1 kbbls_2 kbbss_2 kbjv_1 kcra_1 kdcs_1 kdza_2
spk_323 ofle_2 kakp_2 kaky_1 keims_1
spk_324 ofkd_2 ofwa_2 kaqh_2 kawk_2 kenrs_1 keoa_2
spk_325 obpa_1 ogej_1
spk_326 oahg_2 ocim_1 odys_1 oeyi_1 kasxs_2 kbmys_1 kdiw_2
spk_327 kakbs_1 kcju_2 kczu_1 kekx_2
spk_328 obaw_1
spk_329 ocff_2 oeti_1 ofkl_1 kapf_2
spk_33 tcaa_1 tevn_1 tevo_1 tfjy_1 tgjx_1 tgll_1 thcu_1 thfz_1 xgkq_1
spk_330 offu_1 kcwh_1
spk_331 ohoa_2 kblz_1 kcsf_2 kdios_1 keoi_2
spk_332 oamt_2 ogza_2 kbhms_1 kcwys_1 kehxs_1
spk_333 ogfv_1 kbwv_2
spk_334 ogln_1 ohyc_2 kats_1 kauz_1 kbgos_1 kbst_2 kclms_1 kcwl_2 kdlo_2 keon_1
spk_335 kcsm_1
spk_336 oaah_1 obtb_2 kaee_2 kbdd_1 kbpk_1 kcdl_2 kdpo_1 kdyxs_1 kelss_1 kemh_1
spk_337 odrd_2 kavp_1 kayvs_1 kblw_1 kbqbs_1 kccm_2 kdab_1 kdwl_2 keqa_1
spk_338 ofec_1 ogjz_2 oicx_1 kaey_1 kbip_2 kcnu_1 kcqs_2 kcsgs_2 kcsus_2 kddo_2 kegx_2
spk_339 oiom_1 kbsq_1
spk_34 tavn_1 tcid_1 teol_1 tfux_1 tgdp_1 timr_1 tiys_1 tjae_1 xddo_1 xfdr_1
spk_340 kaqy_1 kbcf_2 kbed_1 kboes_2 kcge_1 kdic_1 kdpd_2 kejws_1
spk_341 oalw_2 ocbz_1 oela_2 oiom_2 kbfqs_1 kbnps_1 kcbk_2 kcmz_1 kcxs_2 kdag_1 kdup_1 kehf_2
spk_342 oahe_1 oenm_1 ohys_1
spk_343 kdps_1 kdqk_1 kebms_2
spk_344 odzw_2 oeiv_2 ogjf_2 ogwe_1
spk_345 obza_2 ofjg_2 kail_2 katv_1 kcab_2 kcvs_1 kdnl_2 kedo_1 kemq_2
spk_346 ockh_2 ogyo_1 kbho_1 kbps_1 kcht_1
spk_347 kakk_1 kaxi_2 kceu_1 kcibs_2 kdsm_2 keams_1 kekd_1 kemu_1
spk_348 oblg_1 ochz_1 kaic_1 kbce_2 kblq_2 kcnd_2 kcrks_2 kcvo_2 kdac_2 kdij_1
spk_349 oagx_1
spk_35 tdla_1 tgxs_1 thcp_1 tite_1 xayv_1 xbhy_1 xbxu_1 xcnr_1 xcws_1 xdxe_1 xeqs_1 xggz_1
spk_350 oapw_2
spk_351 offu_2 ofut_1 ohdi_2 kbge_1 kbjxs_2 kctu_2 kdhe_2 kdhz_1 kdmes_2
spk_352 odkw_2 oevn_2
spk_353 odnm_2 odoo_1 oepk_2 oetq_1 kamj_2 karc_2 kard_2 kayj_1 kbaus_1 kbbx_1 kdfd_2 keal_2
spk_354 obpc_2 oftv_2 kbol_1
spk_355 ohsq_2 kadt_2 kagn_1 kayis_2 kcmqs_2 kcmx_2 kdee_1 kdoys_2 kebus_1
spk_356 ogmj_1 kann_1
spk_357 odsv_1
spk_358 oftv_1
spk_359 ocym_2 odhc_1 oguw_1 kact_2 kbgu_1 kcbms_1 kdgs_1
spk_36 tbhf_1 tbzj_1 teds_1 tflc_1 tgig_1 tibe_1 tipk_1 tjeg_1 xcpq_1
spk_360 oapw_1 kadt_1 kaias_1 kawv_1 kbxus_2
spk_361 oflc_2 kaby_1 kbjk_1 kcyq_1 kdcq_1
spk_362 obir_2 ofdk_2 ohzn_2 kbuss_1 kbzys_1 kcba_1
spk_363 odhb_1 kbpg_2 kcxys_2 kekj_1
spk_364 oevm_1 ofhb_1
spk_365 obdr_1 obnc_1 oikm_2 kaeg_1 kdsd_2
spk_366 obnc_2 oelr_2 ogia_2 kdvr_2
spk_367 oacd_2 odku_2 kagw_1 kasds_1 kcmqs_1
spk_368 ocky_1 oegr_2 oikm_1 kcpj_2 kdits_2 keab_2
spk_369 oaym_1 obym_2 odwo_1 ofzj_1 kagjs_1 kbto_1 kdes_1
spk_37 tatm_1 tezx_1 tfcm_1 tffy_1 tfmp_1 tght_1 tgos_1 tgrw_1 xaks_1 xatc_1 xbwr_1 xfwz_1
spk_370 oafc_1 odhg_2 kbovs_2 kdsg_1
spk_371 ohck_2 ohsk_2
spk_372 oglm_1 kdnjs_2
spk_373 oaym_2 oeze_2 kafus_2 kbyks_2 kdnd_1 kduu_2
spk_374 obqn_2 ocsx_2 ohmm_2 kciq_2 kdba_2
spk_375 ocwe_1 oemc_2 oiad_2 oiqc_1 kaid_1 kalf_1 kbdh_2 kccv_2 kccws_1 kclis_1 kdgr_2 kemys_2
spk_376 odyq_1
spk_377 obbx_1
spk_378 ocky_2 odmg_2 oepr_2 ohys_2 kamm_1 kbxr_1 kcbt_1 kcmes_1 kdbws_1 kdch_1 kdlis_2 kdpb_2
spk_379 oden_2 oexe_2 ogkd_2 ogof_1 ohrl_1 oiib_2 kcpq_2
spk_38 tbti_1 tdle_1 tezr_1 tfcc_1 tftu_1 tfxs_1 tfxw_1 thyo_1 xbrf_1 xdow_1
spk_380 ochy_1 kagn_2 kbei_2 kcag_2 kcfp_2 kdbz_2 kdwjs_2
spk_381 oaqp_1 kbjjs_2
spk_382 oaqm_1 kana_1 kbog_1 kbsms_1 kcrps_1
spk_383 odzw_1
spk_384 odak_2 kdmp_1
spk_385 ofae_2 kahh_2 kdbss_1 kdkks_1 kdrys_1
spk_386 odsv_2 oenm_2 ohch_1 kbic_2 kbzj_1
spk_387 kbeus_1 kbnhs_1 kbsn_1 kbtb_2 kctns_1 kdfks_1 keha_1 kejd_1
spk_388 oelr_1
spk_389 oahe_2 obks_2 kabx_2 kbhes_1 kbmks_1 kbvj_1 kbwj_2 kchg_1 kcmw_2 kcsn_1
spk_39 tals_1 tbgv_1 tbwh_1 tcds_1 tcuc_1 tdjb_1 tdoz_1 temi_1 tfik_1 tfmm_1 tftl_1 tfwk_1 tgan_1 tgpm_1 tguy_1 thtg_1 xdsu_1
spk_390 ocer_1 oevm_2 kbko_1 kcni_1 kcwz_1 kdoc_2
spk_391 oevg_1 kbth_2
spk_392 ogws_1 kaows_1 katc_2 kcdus_2 kdrc_1 kelx_1
spk_393 kcbu_2 kdlis_1 kdsis_2 kenz_1
spk_394 odui_2 ofkb_2 ofoh_1 ognf_1 ohwx_1 kaey_2 kayp_1 kchus_1 kcve_1 kddrs_2 kdeps_2 kdou_1 keaq_2
spk_395 oabu_1 ogzs_1 oimj_1 kbnx_1 kcec_1 kciw_1
spk_396 odkw_1 kaqn_2 kbmi_1 kcai_2 kclp_2 kcuk_1
spk_397 oejt_1 kbrw_1
spk_398 oaxk_1 kaxs_1 kbfb_1 kbpb_1 kcey_1 kcnm_1 kdnk_1 kdtu_1 kehu_2
spk_399 obdr_2
spk_4 taaw_1 tbvf_1 tdbp_1 tdpx_1 tdrc_1 tdvp_1 tdwf_1 telz_1 teon_1 tfcq_1 tfuw_1 tggc_1 thof_1 thva_1 tioz_1 xaom_1 xecr_1 xeeg_1 xgba_1 xgmt_1
spk_40 tcco_1 tfzj_1 tgfc_1 thbu_1 thiz_1 tiyq_1 xdcq_1 xebz_1 xfgl_1
spk_400 obqx_1 ocfm_2 ocij_1 ogkb_1 kadss_2 kbrr_1 kdejs_2
spk_401 ofxw_1
spk_402 oadh_2 oafj_2 oakr_2 oatq_2 oavb_2 obmn_2 obpu_2 obqb_2 obyd_2 ocdz_1 ocho_2 ocld_2 ocmj_2 ocns_2 odjr_1 odwo_2 odwp_2 oeaz_2 oemq_2 oezb_2 ofoh_2 ofpd_2 ogpt_2 ogzq_2 ohlt_2 oiet_1 oinh_2 kains_2 kajo_2 karx_1 kaxps_1 kayj_2 kbbzs_2 kbjy_2 kbtns_2 kccx_2 kciis_2 kckws_2 kdfgs_2 kdkh_1 kdyr_2 kear_1
spk_403 obuu_1
spk_404 obmo_2 kbqk_1
spk_405 ofjg_1 kbwhs_1 kddv_2 kelt_1
spk_406 offf_2
spk_407 oalq_2 ocdr_2 ofmt_2 kaec_2 kbfxs_1 kbnb_2 kboxs_1 kbsn_2 kcfa_1 kcou_2 kegr_2
spk_408 obns_1 ofil_2 kdaas_1 kdfzs_1
spk_409 kcsr_1
spk_41 tadh_1 tadp_1 taqq_1 tcki_1 tdmm_1 tesk_1 tgom_1 tgze_1 xacs_1 xeem_1 xelb_1 xgmh_1
spk_410 ohvh_2 oioe_2 kago_1 kais_1 karas_2 kaxt_1 kbbq_2 kbxz_2 kclgs_1 keirs_1
spk_411 ocbd_1
spk_412 obzp_1
spk_413 kaves_2 kbbts_1 keozs_1
spk_414 oaaz_1 obpr_2 oddi_2 ogsj_1 oikd_1 kaew_2 kayh_2 kbba_1 kchus_2 kcsx_1 kdoz_1 keac_1 keoys_2
spk_415 ogyo_2
spk_416 kcpd_1
spk_417 kaap_1 kadu_1 katb_2
spk_418 obay_1 obqn_1 oeff_1 ofdw_1 oiak_1 kbiks_1 kbzxs_1 keea_1
spk_419 kaucs_2
spk_42 tamr_1 tawn_1 tccy_1 tdge_1 teju_1 tekh_1 thjg_1 tind_1 xbfx_1 xbsl_1 xceb_1 xcmu_1 xgnb_1
spk_420 obwj_2 oeuc_2 ofle_1 ofwz_2 ohhv_2 kckes_2 kegns_2 keojs_2
spk_421 obpu_1
spk_422 oadd_2
spk_423 ogfc_1 oing_1
spk_424 odit_1 kafg_1 kavas_2 kbcas_2
spk_425 obuw_2 oets_1 oflb_2 ogae_2 ohck_1 oiet_2 kauk_2
spk_426 oeoj_1
spk_427 ognq_2
spk_428 oaic_2 ocxh_2 odse_1 ohnt_2 kahb_2 kaip_2 kboos_1 kcax_2 kcjo_2 kcoa_2 kcxf_1 kdof_2
spk_429 oelo_1 oief_2 kame_1 kazo_2 kbxb_2 kcag_1 kcge_2 kdfms_2 kdmq_1 keoqs_2
spk_43 xfrn_1 xgkf_1
spk_430 oaen_1 odyq_2 oeoj_2 kbhs_1 kbui_1 kccjs_1 kcdb_2 kcse_2 kcul_2 kdxk_2 kdyp_2
spk_431 oclg_2 odit_2 oerd_2 ofre_1 ohsk_1 oigx_2 kauf_2 kbjq_2 keah_2
spk_432 odrj_2 oiqi_1
spk_433 ockz_1 ocwx_2 oerd_1 oftb_1 ohmj_1 ohoi_2 ohzx_1 kbqxs_1 keams_2 kebys_2
spk_434 obip_2 ocnr_2 ocpe_2 oean_2 ohoh_2 kdgl_2 kdrm_2 kedvs_1
spk_435 odpd_2 oezf_1 oigg_2 kbnk_1
spk_436 obfz_1 karo_2 kbcp_2 kdki_1 kdkn_2 kdos_1
spk_437 oatd_2 obmk_1 kazg_1 kbnu_1 kbyr_1 kdah_1 kdbb_1 kdys_1 kebbs_1 kedl_1
spk_438 ocnm_2
spk_439 ocsz_1 ohdh_1 ohrl_2 kabg_1 kcgs_1 kdcn_1 kdvh_1
spk_44 tcao_1 tcbk_1 tchn_1 tcmx_1 tctc_1 tdjq_1 tdpp_1 tfqh_1 thcl_1 timp_1 xast_1 xdgy_1 xdiu_1 xdyw_1 xeif_1
spk_440 ofkh_2
spk_441 ocnd_2 octy_2 kaix_1
spk_442 obxc_1 ofbz_2 ogup_2 ohdh_2 oiir_1 kawms_1 kbgps_2 kcdt_1
spk_443 ocsz_2 oefk_1 ogzh_2 kaeo_1 kbgl_2 kbmf_1 kbql_1 kdhq_2 kdmf_1 kdmg_2 kduy_1
spk_444 oeek_1 oeyt_2 ofeu_2 ofof_2 oiht_1 kakg_1 kbli_1 kbww_1 kcrh_2 kcyws_1 kdxn_2 kdxo_2 keqj_2
spk_445 ocym_1 oela_1 ofoi_1 kbbn_2 kbmi_2 kbww_2 kbyv_1 kclr_2 kctp_1 kdtd_2 kebhs_1
spk_446 oaiv_1 ocko_2 ofkc_2 ogej_2 oiej_2 kanws_2 kbvj_2 kbzcs_1 kcgb_1 kcgz_1 kcvy_2 kelys_2 kepn_1
spk_447 oaoq_2 ofpv_1 kaov_1
spk_448 odlh_1 ogid_2 kamu_2 kavb_1 kbjm_2 kbth_1 kcml_2 kegz_2 keils_2 kejr_2
spk_449 oeac_2 kafjs_1 kazs_1 kblss_1 kcmns_1 kdbi_1 kdfms_1 keaxs_1 keix_1
spk_45 talj_1 tbbs_1 tbmi_1 tcqr_1 tcyp_1 tdxf_1 tekv_1 tgop_1 thxa_1 tieq_1 tihm_1 tiof_1 tisp_1 xaez_1 xcqz_1 xehw_1
spk_450 oabw_2 oeaq_1
spk_451 odki_1
spk_452 obrm_1 ocyf_2 odqa_1 ofhh_2 ohwx_2 kakz_1 kash_1 kcfl_2 kcld_1 kdtw_2 kdzh_1 kell_1 keqj_1
spk_453 oeel_1
spk_454 ocvl_2 odse_2 oimj_2 kaau_2 kagf_1 kavq_2 kbbm_2 kbfj_2 kbfu_1 kbwo_1 kddc_2
spk_455 ofre_2 oing_2 kajt_2 kalgs_2 kbxe_1 kdecs_1 kdsf_1 kdzz_1 kecu_2 kekv_1
spk_456 ockc_2 kbhws_1 kcff_1 kcyf_1 kdzds_1 kenk_1
spk_457 oext_2 kaxv_1 kcky_1 kdnm_1 kdpas_1
spk_458 ofrh_2 kasms_1 kbcas_1 kbug_1 kcrrs_1 kcue_2 kdpd_1 keea_2 kejq_1
spk_459 oepk_1 ogza_1
spk_46 taza_1 tbfd_1 tcnc_1 tdls_1 tdxg_1 thej_1 tiqx_1 xbfn_1 xeqk_1
spk_460 oajy_2 odpq_2 oegr_1 kaqg_1 kays_1 kbgns_2 kbjp_1 kekes_1 kenh_1 kepf_1
spk_461 obcn_1 ocbd_2 oeaz_1 ohve_1 kbug_2
spk_462 ofgb_1 oife_1 kacus_2 kcdc_1 kcty_1 kdvds_1
spk_463 obnq_2 kayzs_2 kbka_1 kbrw_2 kbuy_2 kceb_1 kcjy_1 kdecs_2 kdfi_2
spk_464 ohut_2 kbns_1 kcsds_1 kdqb_1 kefh_1
spk_465 oatb_1 obkx_1 ogzf_2 ohvx_1 kaal_2 kavh_2 kawi_2 kcggs_1 kckc_2 kcpi_2 kdrt_1 kekk_1
spk_466 ohmo_2 ohwh_2 kdds_1
spk_467 kbpt_1
spk_468 odbq_2
spk_469 obnr_1 odax_1 kagh_2 kard_1 kbkv_2 kclls_2 kdbo_1 kdlj_2 kekns_1 keou_1
spk_47 xcup_1 xgfq_1
spk_470 keeo_1
spk_471 kehs_1 kekws_1 keme_2
spk_472 oavk_1 ohix_2 kazg_2 kbpr_2 kbtt_2 kcug_2 kcyx_1 kdgy_1 kdne_2 kdovs_2
spk_473 oalz_1 odep_2 odrd_1 ohts_2 kadm_1 kata_2 kbfxs_2 kbpx_2 kbqzs_1 kctqs_2
spk_474 oamw_1 odka_2 kccys_1 kcfd_1 kdri_1 kdse_1 kdsn_1 kdzp_1 kebjs_1 kemi_1
spk_475 obxj_1 oczt_2 oean_1 oezd_1 ohof_2 kcaws_1
spk_476 odwp_1 kaoo_1 kbay_1 kdrb_1
spk_477 ofsp_2 ohmx_2 kacks_2 kboxs_2 kelss_2
spk_478 oaop_2 kavws_1 kcmts_1
spk_479 oafr_2 ohch_2
spk_48 tdzt_1 teur_1 tfxt_1 tgyy_1 thmt_1 tibm_1 tika_1 tiow_1 xakp_1 xcvu_1 xdno_1 xeaz_1 xehi_1
spk_480 ofkc_1 kapm_2
spk_481 ogkp_1 kbfd_2 kcszs_1 kdeks_1 kdhy_1
spk_482 oacv_1 oazq_1 objt_1 ofkh_1 oglm_2 kabg_2 kagl_2 kand_1 kbrr_2 kdeo_2 kdhj_2 kdlg_2 kdurs_2
spk_483 kbtd_2
spk_484 obaw_2 odlg_1 oicx_2 kbnl_1 kdhy_2 kegcs_1
spk_485 ohfm_1 kais_2
spk_486 ocos_1
spk_487 oeqt_1 kasjs_2 kbkw_1 kbms_1 kbmx_2 kcaas_1 kctj_1 kcyh_1 kdps_2
spk_488 obsc_1 oclt_2 ofnt_1 kana_2 kayms_2 kdqb_2
spk_489 ocer_2 ohtv_2
spk_49 tbqj_1 tcbb_1 tcdo_1 tcgo_1 tcpq_1 tcvn_1 tglz_1 tgry_1 xbnq_1
spk_490 ocfe_2 odbq_1 oezt_1 ohfb_2 kaki_2 kaois_1 kbmq_1 kbre_1 kcas_2 kcpfs_2 kcuos_1 kemr_1
spk_491 oboy_2 obsc_2 obvg_2 ogsj_2 kaov_2 kbba_2 kcbo_1 kcjc_1 kcqb_1 kdrz_2 kebgs_1 kedj_2
spk_492 obil_1 odem_2 odmi_2 kaap_2 kalq_2 kaly_2 kasq_1 kaua_2 kaun_1 kbkes_2 kemk_2
spk_493 ohea_2 oiak_2 kccn_2 kcjl_1 kczb_2 kdih_2 kedy_2 kegts_2 kehp_2 kelp_2
spk_494 oiqn_1
spk_495 kbvu_2
spk_496 ofwv_2 kckm_1
spk_497 obzt_1 ogpf_1 kadl_1 kakss_2 kalv_1 kbats_2 kbpcs_2 kddm_1 kedx_1
spk_498 obwq_1 oeqt_2 oflk_2 oifq_2 kebws_2
spk_499 ocwr_2 ohee_1
spk_5 tbjv_1 tbtv_1 tbzs_1 tcuy_1 texd_1 tgrx_1 tinp_1 tiuk_1 xbch_1 xclt_1 xdgw_1
spk_50 taye_1 tdow_1 them_1 tiuz_1 xcgq_1 xfaq_1 xggq_1
spk_500 oevy_1
spk_501 ogtk_1 kegcs_2
spk_502 oava_2 odxt_1 kajv_1 kcfg_2 kckn_1 kcmi_2 kcnd_1 kddn_2 kdpz_2 kebd_2
spk_503 ocnm_1 odez_2 kafc_1 karm_2 kasv_1 kdqns_1 kdwo_1
spk_504 oguw_2
spk_505 obdh_2 obyw_1 ohqq_1 kadz_2 kbbts_2 kcja_1 kcji_2 kcjj_2 kcwn_2 kdom_1 keids_1
spk_506 oarp_1
spk_507 oajw_2 oidw_1
spk_508 objt_2
spk_509 odka_1
spk_51 tbnn_1 tcky_1 tcpe_1 tcwm_1 teee_1 teep_1 tekx_1 terw_1 texl_1 tggp_1 tghv_1 tgid_1 tirm_1 xbil_1 xbxi_1 xcdc_1 xcgu_1 xdaf_1 xeas_1 xesd_1 xfwf_1 xfyv_1
spk_510 odgj_2 oeel_2 kcgn_2 kcnk_1 kcqh_2 kcuos_2 kdjv_2 kdtp_2 keas_2 kefj_2
spk_511 ockc_1
spk_512 oeps_2 oged_2 ohlb_2 kbsvs_2 kcog_2 kctp_2 kdbf_2
spk_513 kbux_2
spk_514 odmm_1 odqw_2 oesx_2 oezm_1 ofpe_2 kaups_1 kbbjs_1 kbhu_2 keng_1
spk_515 oely_2 kaqes_2 kbrh_1 kczt_1 kdtf_1 kegos_2
spk_516 kbnx_2 kckds_2 kcvf_2
spk_517 kdybs_1 kecks_1
spk_518 oabw_1 ocro_2 oeaq_2 oile_2 kajs_1 kapk_1 kaxa_1 kblrs_2 kbsq_2 kcxzs_1 kdla_2 kdsr_1
spk_519 kains_1
spk_52 tabh_1 taqi_1 tdxb_1 tgwx_1 xdje_1 xfzt_1
spk_520 ofoy_2 kadx_1 kahys_1 kbry_1 kbuqs_1 kbxj_1 kcars_1 kefq_2 kehz_1
spk_521 ohko_2 kbez_1 kctds_1 kcuhs_1 kehm_2 kenn_1
spk_522 obgz_1 octz_1 ofmk_1 kabb_2 kazf_2 kbut_2 kcnzs_1 kejps_2
spk_523 ocxo_2 oiql_2 kafa_1 kbva_1 kcacs_1 kdgd_1 kefl_1 kefo_2
spk_524 ocwu_2 oetq_2 kahrs_2 kaxds_2 kcnj_2 kczc_2 kdcg_2 kdez_2 keays_2
spk_525 ohgm_2 kdfb_1 kdhc_2 keids_2 kenps_2
spk_526 katu_2 kcuhs_2 kczt_2
spk_527 ogzf_1 kbsh_2
spk_528 kakr_1
spk_529 oadd_1 ocbg_2 odmm_2 odoo_2 odub_2 odyd_2 oeqg_2 oidv_2 kcbms_2 kczis_2 keles_2
spk_53 tafa_1 tagj_1 taty_1 tdqq_1 tfaq_1 tgpf_1 tivh_1 tiyw_1 xdob_1
spk_530 oano_2 ocon_2 odxb_2 oesp_2 kbfd_1 kbml_2 kcpo_2 kejns_2
spk_531 oano_1 obih_2 ogke_2 ohah_2 ohbd_2 kavu_1 kbyz_1 kccg_2 kcns_1 kdqt_1 kdtbs_1 kdwks_1 kedps_1
spk_532 odxp_1 oema_1 oime_2 oinm_1 kbjls_2 kcrrs_2 kdpqs_1
spk_533 offf_1 oidu_2 kabu_2 kdfgs_1 kdmws_1 kdnt_2
spk_534 obuu_2 odau_1 ohgw_1 ohtv_1 oiql_1 kawus_1
spk_535 oajw_1 kaba_1 kblhs_2 kblys_2
spk_536 oarp_2 oboo_2 ocos_2 ohie_2 kaba_2 kbeb_2 kcdr_2 kcgy_2 kdces_2 kegg_2 kenl_2 keprs_2
spk_537 oexb_2 ogeu_1 ohur_2 kacrs_1 kael_2 kamt_1 karf_1 kawb_2 kccys_2 keia_2
spk_538 kaebs_1 kcik_1 keifs_2
spk_539 ochm_2 kbyd_2
spk_54 tccb_1 tcqv_1 tezn_1 tfvz_1 thtr_1 xdjy_1 xfpy_1
spk_540 obqq_2 kbdzs_1 kcvd_1 kdql_1
spk_541 ofhb_2
spk_542 oddg_2 oeoi_1 ogey_2 ohdd_2 oidw_2 kbcds_1 kdtf_2 keox_2
spk_543 oesp_1
spk_544 ogir_1 kagys_1 kamws_1 kcnps_1
spk_545 odau_2 oeif_2 ofmf_2 ogcs_2 kacm_1 kafz_1 kavk_1 kbqk_2 kcje_1 kdoas_1
spk_546 obts_2 oexb_1 ofhj_2 ogeu_2 ohur_1 kael_1 kafp_2 kalts_2 kasps_2 kawb_1 kaxe_2 kazq_2 kdca_1
spk_547 ohgw_2 kaexs_2 kaoss_2 kbejs_2
spk_548 kaqa_2
spk_549 kbhn_2 kcms_2 kepj_2
spk_55 taih_1 tasn_1 tbaq_1 tble_1 tbug_1 tclq_1 tfjs_1 thgg_1 xbhk_1 xczg_1 xeay_1 xeng_1 xgll_1
spk_550 obwq_2
spk_551 odxp_2 kdoos_1
spk_552 oile_1
spk_553 oagj_2 odtf_2 ofga_2 ogmm_2 kaiws_1 kaqz_2 kavf_2 kbwa_1 kcik_2 kcnq_1 kdmws_2 kejas_1
spk_554 ohea_1
spk_555 obpo_2 ohwj_2 oioh_2 oipm_2 kafc_2 kahxs_2 kbnv_1 kcnq_2 kdrj_1 kdty_1 kdzn_1 kejns_1
spk_556 ofoy_1
spk_557 oanl_2 ocey_1 odbk_1 oegt_1 oevy_2 ofqn_2 kaucs_1 kbjy_1 kdoos_2
spk_558 obgg_2 obts_1 odxb_1 ohmo_1 kaci_1 kasl_1 kboz_1 kcjs_1 kcnps_2 kczf_2 kdkr_2 kejx_1
spk_559 ogas_2 ogce_2 ogmq_2 oimg_2 kbaj_2 kday_2 keiws_2
spk_56 tdjn_1 tdvy_1 tffi_1 tfnl_1 tgko_1 tiwp_1 tjal_1 tjem_1 xarw_1 xbgc_1 xcdw_1 xctk_1 xeop_1 xgcy_1 xgtd_1
spk_560 obtb_1 ocis_1 ogxh_1 kago_2 kaqjs_1 kbbr_1 kbef_2 kboi_2 kbsh_1 kdfj_2 kefw_1
spk_561 kbtc_2 kcvq_2 kcwxs_1
spk_562 ocle_1 kbvz_1
spk_563 kbew_2
spk_564 ocyj_2 kczf_1
spk_565 ofmf_1
spk_566 kecn_2
spk_567 obpo_1
spk_568 ofqn_1
spk_569 katp_1
spk_57 tawf_1 tcfl_1 tfpf_1 tgac_1 thmv_1 thqh_1 xerd_1
spk_570 oirf_1 oivm_1 oiwb_1 ojcx_1 ojev_2 ojgj_2 pffn_2 pfoh_1 pfyl_1 pgbk_1
spk_571 ojbu_1 ojcc_2 ojcq_2 ojgh_2 ojhv_1 pfed_2 pfmz_1 pfpl_2 pfze_2 pggv_2 kesb_1
spk_572 pfjv_2
spk_573 pfdk_1
spk_574 oirs_2 oirz_1 ojfz_2 pfni_2 pfwa_1 pfzu_2 pgfr_2 pgjd_1 ketks_2 keyg_1 kezm_1
spk_575 pfis_1
spk_576 pgia_1
spk_577 oitg_1 ojjp_2 pglk_1 kexk_1
spk_578 ojbi_1
spk_579 oirg_1 ojco_1 pfis_2 pfug_2 pfxj_1 kerps_1 keurs_1 keyo_1
spk_58 xbhn_1 xbiy_1 xbmb_1
spk_580 oity_1 oiww_1 ojdh_2 ojdl_1 pfee_2 pfqy_2 pftw_1 pfxe_1 pfzt_2 kervs_1 ketvs_2 keyu_1
spk_581 pfez_2 pfhc_2 pfjv_1 pftl_2 pgay_1 ketbs_1 keuy_1 kfans_1
spk_582 pffo_2 pfru_1 pget_2 pgik_2 kfab_1
spk_583 kezy_2
spk_584 oiry_2 ojdt_1 ojgk_2 pfnw_1 pfpg_2 pggn_1 pglt_2 kesq_1 keuh_1 keum_2 kevp_2 kewj_1 kewy_2 kexu_2 kezr_2
spk_585 pfpy_2 pgft_1 pgia_2 pgiq_2 keqx_1 kesos_1 kevu_1
spk_586 oiri_1 oisd_2 oivv_2 oiwa_1 oixl_2 oixu_1 oiyl_2 oiym_2 oizy_1 ojbf_1 ojgp_2 pfuz_2 pfye_2 pfzv_2 pgam_2
spk_587 oiri_2 oirp_2 oiru_1 oisd_1 oitq_2 oivv_1 oiwa_2 oixl_1 oixu_2 oiyd_1 oiyx_2 oizy_2 ojjn_2 ojma_2 pfmn_2 pfvm_1 pglb_2
spk_588 ojbi_2 ojey_2 pfoe_1 pfvt_2 pgae_2 pgcl_2 pgja_1 kevn_1
spk_589 oisc_1 ojgp_1 ojid_2 ojkl_2 ojks_1 pfns_2 pfrq_2 pfvd_2 pfxu_2 pgdy_1 pgel_1 kero_2 kesps_1 keui_1 kexc_2 keya_2 keyc_1 kezjs_2 kezls_2
spk_59 tapm_1 tbgb_1 tbzv_1 tcqw_1 tfgj_1 ticr_1 tiet_1 xcso_1 xevt_1 xflr_1
spk_590 pfgx_1 pfwl_1 pgdf_2 pgfk_2 keux_1
spk_591 pfqv_1 pfyr_2 pgaw_1 pgce_2 keud_1
spk_592 oitm_2 oitn_1 oixa_2 oixh_1 pgib_2 pgkk_2 kevzs_1 kexn_1 kezfs_1
spk_593 pfdh_2 pfoo_1 pgdp_2 pggg_1 kezi_2
spk_594 oivm_2
spk_595 oiwg_1 pfdl_2 pffp_2 pfgn_2 pfob_1 pfxt_2 pgdg_1 pgga_2 pghk_2 kezk_1
spk_596 pfoq_1 pfsq_2 pftn_1 pgax_2 kerxs_1 keta_1 kexx_2
spk_597 oiyl_1 oiym_1 ojhd_2 ojip_2 pfdu_2 pfqj_2 pfwn_2 pfxh_2 pgio_2 kequ_1 kerds_1 keyd_1
spk_598 oivb_1 oixf_1 ojcy_2 ojem_1 pfdj_2 pfky_2 pftc_2 pfuw_2 pfzm_2 ketg_2 ketx_2 kevk_1 kewd_1 kewp_2 kezqs_2
spk_599 pfgv_1 pfsv_1 pftr_2 pgal_1 pgiz_2 kfaf_1
spk_6 tbaa_1 tcya_1 xawy_1 xbri_1 xccb_1 xcyz_1 xdtv_1
spk_60 tbcu_1 tbvb_1 tcgr_1 tgeu_1 tgqv_1 thev_1 thqc_1 xegt_1
spk_600 pfmn_1
spk_601 oiqy_2
spk_602 oirx_2 oixe_1 oixr_2 oiyy_2 ojda_1 ojdm_2 ojef_2 ojgk_1 ojgx_1 pfhl_2 pfpo_2 pfsn_2 kerm_1 kery_1 kesu_2 kesy_1 ketd_1 kexfs_2 keyf_1 kezc_2
spk_603 oiul_1 oiuu_1 ojiy_2 pfdm_2 kesr_1 kess_1 keup_1 keus_1 keuz_1 kezn_2 kfad_1
spk_604 ojbd_1 ojer_2 ojks_2 pfns_1 pgaf_2 pgdy_2 pgee_2 pgil_2 kesz_1 keya_1 kfaes_2
spk_605 oiqs_1 oirt_1 oium_1 oizm_2 pflp_1 pfoz_1 pfrv_2 pfth_2 pgch_2 pgma_2 kerk_1 keuvs_2 kewb_1
spk_606 ojlj_2 pffl_2 pfnu_1 pfos_2 pftj_2 kerr_1
spk_607 pffx_2 pfsf_1 pfwu_1 pfxp_2 pghp_1 ketu_2
spk_608 pfxp_1
spk_609 ojbq_1 pfop_1 pfpd_1 pgiu_1 ketss_1 keyt_1 kfas_1
spk_61 taiz_1 tcwk_1 tcyv_1 thsm_1 xeul_1 xfiv_1
spk_610 pglx_2 kezv_1
spk_611 pgce_1
spk_612 oirl_2 oirq_2 oisb_2 oitq_1 oiuu_2 oixw_2 oizh_1 ojip_1 ojlu_2 pfdv_2 pflo_2 pfrz_2 pgdj_1 pges_2 pgke_2 pgle_2 pglw_2 kesds_2 kesjs_1 kest_1
spk_613 oiqy_1 ojlo_2 pfmu_1 pfpi_2 pfun_1 kexa_2
spk_614 pfnw_2
spk_615 oixd_2 oiyf_1 oiyh_1 pfku_2 pftf_2 pftx_2 pfzw_2 pgba_2 kevc_2
spk_616 pfdk_2 pgie_2 kesx_2
spk_617 oivu_2 ojis_2 pfkh_2 pfnz_2 pfsy_2 pger_2 pgge_2 kesh_2 kewms_1 kfals_1
spk_618 pfug_1
spk_619 oixh_2
spk_62 tbkv_1 tbpt_1 tczv_1 tgoj_1 xftg_1
spk_620 oirs_1
spk_621 oiwg_2 pfke_2 pfkh_1 pfov_2 pfqz_1 pfyp_2 pgdd_1 pgjy_2 keth_1 keto_1 kevh_2
spk_63 tall_1 tbau_1 tgqh_1 thcg_1 thrn_1 thuo_1 tivw_1 xewb_1 xgqg_1
spk_64 xaph_1 xcmc_1 xguz_1
spk_65 tale_1 tbie_1 tedc_1 xdsr_1 xeki_1 xfmi_1
spk_66 tbmg_1 tbnl_1 tevw_1 tfad_1 tfqv_1 tfwj_1 tgvc_1 thpx_1 xafv_1 xbdh_1 xcwy_1
spk_67 tazo_1 tdxe_1 teda_1 tigf_1 xcvy_1 xdyt_1
spk_68 tahq_1 talh_1 tbtc_1 tcbx_1 tdsc_1 tdsj_1 teex_1 tikq_1 xbig_1 xbjg_1 xbkx_1 xbnp_1 xcdu_1 xcfq_1 xffi_1 xflb_1
spk_69 tajz_1 tbpo_1 tcnu_1 tcow_1 tdzd_1 tdzr_1 tedx_1 tfku_1 tfyy_1 tfzu_1 tgsm_1 tien_1 tifq_1 tiin_1 timu_1 tjbs_1 xclm_1 xelk_1 xewk_1
spk_7 tckp_1 tdjc_1 tdso_1 tgjq_1 tgmz_1 tgrm_1 thss_1 xabr_1 xatw_1 xavz_1
spk_70 tbod_1 tckw_1 teyz_1 tfuu_1 tgro_1 thjk_1 tikd_1 tiqe_1 xgmb_1
spk_71 tcxk_1 tdsg_1 thdf_1 thsv_1 xagu_1 xdam_1 xefs_1 xexi_1 xfuq_1
spk_72 xamw_1 xbik_1 xfcq_1 xfkl_1 xfrf_1
spk_73 terb_1 thaz_1 xfzv_1
spk_74 tbbq_1 tcze_1 tdex_1 tdju_1 thyq_1 tiay_1 tikl_1 xaqp_1 xgts_1
spk_75 tcdt_1 tdrw_1 terx_1 tfck_1 tfeq_1 tgjf_1 tguj_1 thcj_1 xdwf_1 xebu_1 xecy_1
spk_76 taog_1 tbjs_1 tdjo_1 tevq_1 tgcu_1 tgml_1 tgtb_1 xefp_1 xfeo_1
spk_77 tawp_1 teze_1 tglr_1 than_1 xahj_1 xaqy_1 xbmi_1
spk_78 taaf_1 tcqz_1 tdyw_1 text_1 tfnf_1 thjp_1 tife_1 tisn_1 xbal_1
spk_79 tbmo_1 tdoj_1 tewg_1 tfiw_1 tfyj_1 tgah_1 tggn_1 thek_1 xccl_1 xcsz_1 xdsz_1
spk_8 tacv_1 tbsz_1 temt_1 tfxg_1 tgyi_1 thas_1 thhq_1 thlp_1 xawn_1 xbiz_1 xewf_1 xfsj_1
spk_80 takb_1 taun_1 tcka_1 tcqk_1 tevi_1 tfyl_1 xasy_1 xbgv_1 xbki_1
spk_81 taco_1 tadz_1 taht_1 tasr_1 tauy_1 tazb_1 tbhv_1 tebk_1 tfhb_1 tfhv_1 tfum_1 tgfs_1 thjm_1 thri_1 ticn_1 tjax_1 xbcl_1 xdfj_1 xffe_1
spk_82 tabc_1 tabp_1 taqy_1 tboo_1 tdta_1 tegt_1 teie_1 teji_1 teqy_1 tfij_1 tfre_1 tgki_1 tiig_1 tiox_1 tiuf_1 tjcn_1 xckc_1
spk_83 tbci_1 tbio_1 tcsn_1 tdys_1 tedl_1 tegc_1 tetm_1 tfna_1 tgiq_1 tgly_1 thly_1 thvf_1 tiec_1 tigo_1 tikk_1 tixn_1 xcla_1 xcsc_1 xctf_1
spk_84 taom_1 tcry_1 tdlt_1 telb_1 tffu_1 tgod_1 tipo_1 tisx_1 xgpt_1
spk_85 tbcn_1 tbhb_1 tbsj_1 tciv_1 tdnk_1 tfax_1 tfch_1 tfgl_1 tfpu_1 tgta_1 tiaq_1 xboa_1 xcob_1 xcxp_1 xeey_1 xexk_1 xeym_1
spk_86 tebn_1 tebs_1 tgbr_1 tgkz_1 tgnu_1 thqk_1 tiwm_1 xcfr_1
spk_87 tayy_1 tbye_1 tfvk_1 thuy_1 xdnw_1 xgbr_1
spk_88 tbin_1 tbnr_1 tbwk_1 tbxv_1 tekj_1 teyr_1 tfrl_1 tgxn_1 xanw_1 xcmw_1 xfdj_1 xgoz_1
spk_89 tata_1 tdqr_1 tfnc_1 tfvg_1 tgcs_1 tgpp_1 thwa_1 tiar_1 xcoq_1
spk_9 tafj_1 tasy_1 tbza_1 tccj_1 tclc_1 tcnf_1 tegr_1 teyb_1 tfaj_1 tfou_1 tfrc_1 tfvf_1 tfxd_1 tgut_1 tgyf_1 xfbq_1 xfvs_1
spk_90 tajf_1 taol_1 tasc_1 tbah_1 tbet_1 tbws_1 tcsp_1 tfjk_1 tflq_1 tfwc_1 thgq_1 thjx_1 tiab_1 tibp_1 tiny_1 tirq_1 xbkz_1 xbmz_1 xbpi_1 xdgf_1 xdsw_1 xdvi_1 xdwd_1 xeii_1 xfer_1 xfua_1
spk_91 tafc_1 tdkt_1 teug_1 tfkx_1 tgdd_1 tgmx_1 thai_1 ticj_1 xcnw_1 xfnw_1 xfsc_1 xgru_1
spk_92 tbgr_1 tbjy_1 teoe_1 tfbj_1 tgcj_1 tigc_1 tikf_1 tjec_1 xazo_1 xbrm_1 xewp_1 xfuo_1
spk_93 xbjv_1 xboq_1 xciu_1 xeip_1 xeln_1 xerm_1 xfwe_1
spk_94 tagl_1 tapw_1 taqd_1 teuh_1 tezw_1 thkk_1 tikp_1 tiuw_1 xbfg_1 xept_1 xexj_1
spk_95 taax_1 tabx_1 tarb_1 tcri_1 tfcr_1 thin_1 xawd_1 xcfv_1 xcyp_1 xdbi_1 xdcg_1 xdlo_1 xekr_1 xerj_1 xexr_1 xfga_1 xfnd_1 xfvy_1
spk_96 tass_1 tbpi_1 tbtq_1 tcil_1 tetg_1 tghn_1 tglb_1 tgpg_1 tgzt_1 thdw_1 thwc_1 thzf_1 tias_1 tiog_1 titw_1 xanx_1 xazu_1 xgaf_1
spk_97 tbpm_1 tdkd_1 tdpa_1 tehh_1 tgff_1 tion_1 xeau_1 xenm_1 xeqc_1
spk_98 tcgg_1 tdih_1 tdou_1 teiv_1 xcin_1 xcuf_1 xfhh_1 xgfm_1
spk_99 taec_1 tana_1 test_1 tezu_1 tfop_1 tfsf_1 tgwd_1 xbpw_1
